<iq from='{bare_jid}' to='{full_jid}' id='session' type='result'/>
