</{stream}>{# Need a match as the final step or nothing gets read.}
